../STM32_WPAN/App/app_ble.c:1413:13:BLE_UserEvtRx	8	static
../STM32_WPAN/App/app_ble.c:1300:13:Adv_Cancel	8	static
../STM32_WPAN/App/app_ble.c:1433:13:BLE_StatusNot	0	static
../STM32_WPAN/App/app_ble.c:1240:13:Adv_Request.constprop	40	static
../STM32_WPAN/App/app_ble.c:252:6:APP_BLE_Init	128	static
../STM32_WPAN/App/app_ble.c:407:28:SVCCTL_App_Notification	80	static
../STM32_WPAN/App/app_ble.c:890:22:APP_BLE_Get_Server_Connection_Status	0	static
../STM32_WPAN/App/app_ble.c:896:6:APP_BLE_LeafClientConnecting	0	static
../STM32_WPAN/App/app_ble.c:903:6:APP_BLE_LeafClientConnectIdle	0	static
../STM32_WPAN/App/app_ble.c:918:9:APP_BLE_LeafClientPrepareScan	16	static
../STM32_WPAN/App/app_ble.c:943:6:APP_BLE_LeafClientScanIdle	8	static
../STM32_WPAN/App/app_ble.c:962:9:APP_BLE_LeafClientPhoneConnected	0	static
../STM32_WPAN/App/app_ble.c:1392:6:hci_notify_asynch_evt	0	static
../STM32_WPAN/App/app_ble.c:1399:6:hci_cmd_resp_release	0	static
../STM32_WPAN/App/app_ble.c:1406:6:hci_cmd_resp_wait	0	static
../STM32_WPAN/App/app_ble.c:1472:6:SVCCTL_ResumeUserEventFlow	0	static
