../STM32_WPAN/App/custom_app.c:564:13:Custom_APP_StoreLastWrite	8	static
../STM32_WPAN/App/custom_app.c:106:6:Custom_STM_App_Notification	16	static
../STM32_WPAN/App/custom_app.c:239:6:Custom_APP_Notification	8	static
../STM32_WPAN/App/custom_app.c:286:6:Custom_APP_Init	0	static
../STM32_WPAN/App/custom_app.c:295:12:Custom_APP_SendPipeFrame	0	static
../STM32_WPAN/App/custom_app.c:339:12:Custom_APP_SendImuFrame	16	static
../STM32_WPAN/App/custom_app.c:348:12:Custom_APP_SendCmdAck	16	static
../STM32_WPAN/App/custom_app.c:367:12:Custom_APP_SendCmdReport	16	static
../STM32_WPAN/App/custom_app.c:385:12:Custom_APP_SendCmdTrace	0	static
../STM32_WPAN/App/custom_app.c:390:12:Custom_APP_SendCmdNotify	16	static
../STM32_WPAN/App/custom_app.c:399:12:Custom_APP_SendRecordFrame	16	static
../STM32_WPAN/App/custom_app.c:408:12:Custom_APP_SendRecoveryFrame	16	static
../STM32_WPAN/App/custom_app.c:426:13:Custom_Pipedatatx_Update_Char	0	static
../STM32_WPAN/App/custom_app.c:465:13:Custom_Pipectrltx_Update_Char	0	static
../STM32_WPAN/App/custom_app.c:524:13:Custom_Pipestattx_Update_Char	0	static
