../STM32_WPAN/App/exo_hub_central_client.c:153:16:exo_uuid_matches	20	static
../STM32_WPAN/App/exo_hub_central_client.c:210:25:exo_find_slot_by_conn	8	static
../STM32_WPAN/App/exo_hub_central_client.c:224:25:exo_find_slot_by_node	8	static
../STM32_WPAN/App/exo_hub_central_client.c:282:16:exo_ready_leaf_count	0	static
../STM32_WPAN/App/exo_hub_central_client.c:297:16:exo_active_leaf_count	8	static
../STM32_WPAN/App/exo_hub_central_client.c:311:16:exo_ready_or_connecting_leaf_count	8	static
../STM32_WPAN/App/exo_hub_central_client.c:346:16:exo_leaf_slot_node_id	0	static
../STM32_WPAN/App/exo_hub_central_client.c:326:16:exo_find_next_connectable_slot	16	static
../STM32_WPAN/App/exo_hub_central_client.c:970:13:exo_clear_app_record_ready_mask	16	static
../STM32_WPAN/App/exo_hub_central_client.c:855:16:exo_send_blepipe_packet	320	static
../STM32_WPAN/App/exo_hub_central_client.c:937:16:exo_hub_maybe_queue_record_done	32	static
../STM32_WPAN/App/exo_hub_central_client.c:191:13:exo_leaf_slot_mark_backoff	16	static
../STM32_WPAN/App/exo_hub_central_client.c:824:13:exo_enable_notify_step	16	static
../STM32_WPAN/App/exo_hub_central_client.c:772:13:exo_begin_service_discovery	16	static
../STM32_WPAN/App/exo_hub_central_client.c:398:9:exo_hub_central_client_ready_node_mask	8	static
../STM32_WPAN/App/exo_hub_central_client.c:417:9:exo_hub_central_client_ready_node_count	0	static
../STM32_WPAN/App/exo_hub_central_client.c:422:9:exo_hub_central_client_transport_ready_node_mask	8	static
../STM32_WPAN/App/exo_hub_central_client.c:380:13:exo_send_disc_report	16	static
../STM32_WPAN/App/exo_hub_central_client.c:636:13:exo_start_pending_connection	152	static
../STM32_WPAN/App/exo_hub_central_client.c:1060:13:exo_handle_pipe_packet	88	static
../STM32_WPAN/App/exo_hub_central_client.c:440:9:exo_hub_central_client_transport_ready_node_count	8	static
../STM32_WPAN/App/exo_hub_central_client.c:1163:6:exo_hub_central_client_init	8	static
../STM32_WPAN/App/exo_hub_central_client.c:1184:6:exo_hub_central_client_set_ble_ready	8	static
../STM32_WPAN/App/exo_hub_central_client.c:1193:6:exo_hub_central_client_process	56	static
../STM32_WPAN/App/exo_hub_central_client.c:1260:6:exo_hub_central_client_request_scan	0	static
../STM32_WPAN/App/exo_hub_central_client.c:1281:9:exo_hub_central_client_broadcast_blepipe_mask	56	static
../STM32_WPAN/App/exo_hub_central_client.c:1270:9:exo_hub_central_client_broadcast_blepipe	8	static
../STM32_WPAN/App/exo_hub_central_client.c:1324:9:exo_hub_central_client_send_blepipe_to_node	32	static
../STM32_WPAN/App/exo_hub_central_client.c:1349:9:exo_hub_central_client_send_raw_to_node	16	static
../STM32_WPAN/App/exo_hub_central_client.c:1364:6:exo_hub_central_client_on_connection_complete	96	static
../STM32_WPAN/App/exo_hub_central_client.c:1448:6:exo_hub_central_client_on_disconnection_complete	8	static
../STM32_WPAN/App/exo_hub_central_client.c:1461:6:hci_le_advertising_report_event	72	static
../STM32_WPAN/App/exo_hub_central_client.c:1554:6:aci_gap_proc_complete_event	40	static
../STM32_WPAN/App/exo_hub_central_client.c:1625:6:aci_att_read_by_group_type_resp_event	32	static
../STM32_WPAN/App/exo_hub_central_client.c:1653:6:aci_att_read_by_type_resp_event	48	static
../STM32_WPAN/App/exo_hub_central_client.c:1717:6:aci_gatt_notification_event	24	static
../STM32_WPAN/App/exo_hub_central_client.c:1753:6:aci_gatt_indication_event	0	static
../STM32_WPAN/App/exo_hub_central_client.c:1764:6:aci_att_exchange_mtu_resp_event	16	static
../STM32_WPAN/App/exo_hub_central_client.c:1782:6:aci_gatt_proc_complete_event	40	static
