../Core/Src/spi.c:30:26:SPI1_SD_Reinit	0	static
../Core/Src/spi.c:43:6:MX_SPI1_Init	8	static
../Core/Src/spi.c:83:6:HAL_SPI_MspInit	48	static
../Core/Src/spi.c:121:6:HAL_SPI_MspDeInit	0	static
../Core/Src/spi.c:147:6:SPI1_SD_SetSpeedLow	8	static
../Core/Src/spi.c:156:6:SPI1_SD_SetSpeedHigh	8	static
../Core/Src/spi.c:165:6:SPI1_SD_ChipSelect	0	static
../Core/Src/spi.c:170:19:SPI1_SD_Transfer	32	static
../Core/Src/spi.c:193:9:SPI1_SD_TransferByte	32	static
../Core/Src/spi.c:200:6:SPI1_SD_ClockIdleBytes	16	static
