../Drivers/STM32WBxx_HAL_Driver/Src/stm32wbxx_hal_usart.c:2536:13:USART_EndTransfer	0	static
../Drivers/STM32WBxx_HAL_Driver/Src/stm32wbxx_hal_usart.c:3026:13:USART_TxISR_8BIT	0	static
../Drivers/STM32WBxx_HAL_Driver/Src/stm32wbxx_hal_usart.c:3061:13:USART_TxISR_16BIT	0	static
../Drivers/STM32WBxx_HAL_Driver/Src/stm32wbxx_hal_usart.c:3097:13:USART_TxISR_8BIT_FIFOEN	8	static
../Drivers/STM32WBxx_HAL_Driver/Src/stm32wbxx_hal_usart.c:3142:13:USART_TxISR_16BIT_FIFOEN	8	static
../Drivers/STM32WBxx_HAL_Driver/Src/stm32wbxx_hal_usart.c:2848:26:USART_WaitOnFlagUntilTimeout.constprop	24	static
../Drivers/STM32WBxx_HAL_Driver/Src/stm32wbxx_hal_usart.c:379:13:HAL_USART_MspInit	0	static
../Drivers/STM32WBxx_HAL_Driver/Src/stm32wbxx_hal_usart.c:275:19:HAL_USART_Init	16	static
../Drivers/STM32WBxx_HAL_Driver/Src/stm32wbxx_hal_usart.c:394:13:HAL_USART_MspDeInit	0	static
../Drivers/STM32WBxx_HAL_Driver/Src/stm32wbxx_hal_usart.c:336:19:HAL_USART_DeInit	16	static
../Drivers/STM32WBxx_HAL_Driver/Src/stm32wbxx_hal_usart.c:742:19:HAL_USART_Transmit	32	static
../Drivers/STM32WBxx_HAL_Driver/Src/stm32wbxx_hal_usart.c:840:19:HAL_USART_Receive	40	static
../Drivers/STM32WBxx_HAL_Driver/Src/stm32wbxx_hal_usart.c:953:19:HAL_USART_TransmitReceive	40	static
../Drivers/STM32WBxx_HAL_Driver/Src/stm32wbxx_hal_usart.c:1101:19:HAL_USART_Transmit_IT	8	static
../Drivers/STM32WBxx_HAL_Driver/Src/stm32wbxx_hal_usart.c:1185:19:HAL_USART_Receive_IT	16	static
../Drivers/STM32WBxx_HAL_Driver/Src/stm32wbxx_hal_usart.c:1300:19:HAL_USART_TransmitReceive_IT	12	static
../Drivers/STM32WBxx_HAL_Driver/Src/stm32wbxx_hal_usart.c:1408:19:HAL_USART_Transmit_DMA	24	static
../Drivers/STM32WBxx_HAL_Driver/Src/stm32wbxx_hal_usart.c:1494:19:HAL_USART_Receive_DMA	24	static
../Drivers/STM32WBxx_HAL_Driver/Src/stm32wbxx_hal_usart.c:1615:19:HAL_USART_TransmitReceive_DMA	24	static
../Drivers/STM32WBxx_HAL_Driver/Src/stm32wbxx_hal_usart.c:1736:19:HAL_USART_DMAPause	0	static
../Drivers/STM32WBxx_HAL_Driver/Src/stm32wbxx_hal_usart.c:1783:19:HAL_USART_DMAResume	0	static
../Drivers/STM32WBxx_HAL_Driver/Src/stm32wbxx_hal_usart.c:1830:19:HAL_USART_DMAStop	8	static
../Drivers/STM32WBxx_HAL_Driver/Src/stm32wbxx_hal_usart.c:1890:19:HAL_USART_Abort	8	static
../Drivers/STM32WBxx_HAL_Driver/Src/stm32wbxx_hal_usart.c:2355:13:HAL_USART_TxCpltCallback	0	static
../Drivers/STM32WBxx_HAL_Driver/Src/stm32wbxx_hal_usart.c:2551:13:USART_DMATransmitCplt	8	static
../Drivers/STM32WBxx_HAL_Driver/Src/stm32wbxx_hal_usart.c:2370:13:HAL_USART_TxHalfCpltCallback	0	static
../Drivers/STM32WBxx_HAL_Driver/Src/stm32wbxx_hal_usart.c:2591:13:USART_DMATxHalfCplt	8	static
../Drivers/STM32WBxx_HAL_Driver/Src/stm32wbxx_hal_usart.c:2385:13:HAL_USART_RxCpltCallback	0	static
../Drivers/STM32WBxx_HAL_Driver/Src/stm32wbxx_hal_usart.c:2400:13:HAL_USART_RxHalfCpltCallback	0	static
../Drivers/STM32WBxx_HAL_Driver/Src/stm32wbxx_hal_usart.c:2684:13:USART_DMARxHalfCplt	8	static
../Drivers/STM32WBxx_HAL_Driver/Src/stm32wbxx_hal_usart.c:2415:13:HAL_USART_TxRxCpltCallback	0	static
../Drivers/STM32WBxx_HAL_Driver/Src/stm32wbxx_hal_usart.c:3242:13:USART_RxISR_8BIT	16	static
../Drivers/STM32WBxx_HAL_Driver/Src/stm32wbxx_hal_usart.c:3333:13:USART_RxISR_16BIT	16	static
../Drivers/STM32WBxx_HAL_Driver/Src/stm32wbxx_hal_usart.c:3426:13:USART_RxISR_8BIT_FIFOEN	24	static
../Drivers/STM32WBxx_HAL_Driver/Src/stm32wbxx_hal_usart.c:3559:13:USART_RxISR_16BIT_FIFOEN	24	static
../Drivers/STM32WBxx_HAL_Driver/Src/stm32wbxx_hal_usart.c:2609:13:USART_DMAReceiveCplt	8	static
../Drivers/STM32WBxx_HAL_Driver/Src/stm32wbxx_hal_usart.c:2430:13:HAL_USART_ErrorCallback	0	static
../Drivers/STM32WBxx_HAL_Driver/Src/stm32wbxx_hal_usart.c:2702:13:USART_DMAError	8	static
../Drivers/STM32WBxx_HAL_Driver/Src/stm32wbxx_hal_usart.c:2117:6:HAL_USART_IRQHandler	24	static
../Drivers/STM32WBxx_HAL_Driver/Src/stm32wbxx_hal_usart.c:2728:13:USART_DMAAbortOnError	8	static
../Drivers/STM32WBxx_HAL_Driver/Src/stm32wbxx_hal_usart.c:2445:13:HAL_USART_AbortCpltCallback	0	static
../Drivers/STM32WBxx_HAL_Driver/Src/stm32wbxx_hal_usart.c:1986:19:HAL_USART_Abort_IT	8	static
../Drivers/STM32WBxx_HAL_Driver/Src/stm32wbxx_hal_usart.c:2799:13:USART_DMARxAbortCallback	8	static
../Drivers/STM32WBxx_HAL_Driver/Src/stm32wbxx_hal_usart.c:2751:13:USART_DMATxAbortCallback	8	static
../Drivers/STM32WBxx_HAL_Driver/Src/stm32wbxx_hal_usart.c:2482:24:HAL_USART_GetState	0	static
../Drivers/STM32WBxx_HAL_Driver/Src/stm32wbxx_hal_usart.c:2493:10:HAL_USART_GetError	0	static
